<html>
<body>
<pre>
<h1>礦ision Build Log</h1>
<h2>Tool Versions:</h2>
IDE-Version: μVision V5.14.0.0
Copyright (C) 2015 ARM Ltd and ARM Germany GmbH. All rights reserved.
License Information: JL Plutonium, JL, LIC=R4HTG-VCER5-JN1A8-3M9CU-N30TA-Q2MD6
 
Tool Versions:
Toolchain:       MDK-ARM Professional  Version: 5.14.0.0
Toolchain Path:  D:\keil5MDK\ARM\ARMCC\Bin
C Compiler:      Armcc.exe V5.05 update 1 (build 106)
Assembler:       Armasm.exe V5.05 update 1 (build 106)
Linker/Locator:  ArmLink.exe V5.05 update 1 (build 106)
Library Manager: ArmAr.exe V5.05 update 1 (build 106)
Hex Converter:   FromElf.exe V5.05 update 1 (build 106)
CPU DLL:         SARMCM3.DLL V5.14.0.0
Dialog DLL:      DCM.DLL V1.13.1.0
Target DLL:      UL2CM3.DLL V1.155.0.0
Dialog DLL:      TCM.DLL V1.14.4.0
 
<h2>Project:</h2>
C:\Users\Plutonium\Desktop\体感机械臂源码资料\体感机械臂源码资料\Kinect Mechanical Arm\上位机2.0(能动)\USER\MPU6050.uvprojx
Project File Date:  05/07/2022

<h2>Output:</h2>
Build target 'MPU6050'
compiling main.c...
main.c(132): warning:  #181-D: argument is incompatible with corresponding format string conversion
          printf("%d\r\n",adcx);
main.c: 1 warning, 0 errors
linking...
Program Size: Code=38626 RO-data=11734 RW-data=176 ZI-data=3000  
FromELF: creating hex file...
"..\OBJ\MPU6050.axf" - 0 Error(s), 1 Warning(s).

<h2>Collection of Component include folders:</h2>
  C:\Users\Plutonium\Desktop\体感机械臂源码资料\体感机械臂源码资料\Kinect Mechanical Arm\上位机2.0(能动)\USER\RTE
  D:\keil5MDK\ARM\PACK\Keil\STM32F1xx_DFP\1.0.5\Device\Include

<h2>Collection of Component Files used:</h2>
</pre>
</body>
</html>
