<html>
<body>
<pre>
<h1>礦ision Build Log</h1>
<h2>Tool Versions:</h2>
IDE-Version: μVision V5.14.0.0
Copyright (C) 2015 ARM Ltd and ARM Germany GmbH. All rights reserved.
License Information: JL Plutonium, JL, LIC=R4HTG-VCER5-JN1A8-3M9CU-N30TA-Q2MD6
 
Tool Versions:
Toolchain:       MDK-ARM Professional  Version: 5.14.0.0
Toolchain Path:  D:\keil5MDK\ARM\ARMCC\Bin
C Compiler:      Armcc.exe V5.05 update 1 (build 106)
Assembler:       Armasm.exe V5.05 update 1 (build 106)
Linker/Locator:  ArmLink.exe V5.05 update 1 (build 106)
Library Manager: ArmAr.exe V5.05 update 1 (build 106)
Hex Converter:   FromElf.exe V5.05 update 1 (build 106)
CPU DLL:         SARMCM3.DLL V5.14.0.0
Dialog DLL:      DCM.DLL V1.13.1.0
Target DLL:      STLink\ST-LINKIII-KEIL_SWO.dll V2.0.14.0_KEIL
Dialog DLL:      TCM.DLL V1.14.4.0
 
<h2>Project:</h2>
C:\Users\Plutonium\Desktop\体感机械臂控制代码8.19\ROBOTIC ARM\USER\ROBOTICARM.uvprojx
Project File Date:  08/04/2022

<h2>Output:</h2>
Build target 'MPU6050'
compiling main.c...
compiling stm32f10x_it.c...
compiling system_stm32f10x.c...
compiling led.c...
compiling key.c...
compiling lcd.c...
compiling mpuiic.c...
compiling mpu6050.c...
compiling inv_mpu_dmp_motion_driver.c...
compiling transfer.c...
compiling servo1.c...
compiling servo4.c...
compiling servo2.c...
compiling servo3.c...
compiling servo5.c...
compiling servo6.c...
compiling infrared.c...
compiling adc.c...
compiling usart3.c...
compiling dac.c...
compiling delay.c...
compiling sys.c...
compiling usart.c...
compiling core_cm3.c...
assembling startup_stm32f10x_hd.s...
compiling misc.c...
compiling stm32f10x_fsmc.c...
compiling stm32f10x_gpio.c...
compiling stm32f10x_rcc.c...
compiling stm32f10x_usart.c...
compiling stm32f10x_tim.c...
compiling stm32f10x_adc.c...
compiling stm32f10x_dma.c...
compiling stm32f10x_dac.c...
compiling usmart.c...
compiling inv_mpu.c...
compiling usmart_config.c...
compiling usmart_str.c...
linking...
Program Size: Code=47934 RO-data=4278 RW-data=728 ZI-data=3144  
FromELF: creating hex file...
"..\OBJ\MPU6050.axf" - 0 Error(s), 0 Warning(s).

<h2>Collection of Component include folders:</h2>
  C:\Users\Plutonium\Desktop\体感机械臂控制代码8.19\ROBOTIC ARM\USER\RTE
  D:\keil5MDK\ARM\PACK\Keil\STM32F1xx_DFP\1.0.5\Device\Include

<h2>Collection of Component Files used:</h2>
</pre>
</body>
</html>
